
 ⛅️ wrangler 4.123.0
────────────────────

Cloudflare collects anonymous telemetry about your usage of Wrangler. Learn more at https://github.com/cloudflare/workers-sdk/tree/main/packages/wrangler/telemetry.md
Using secrets defined in .dev.vars
Your Worker has access to the following bindings:
Binding                                   Resource                  Mode
env.ROOM (CommentsRoom)                   Durable Object            local
env.ASSETS                                Assets                    local
env.DESIGNER_PASSWORD ("(hidden)")        Environment Variable      local
env.CLIENT_PASSWORD ("(hidden)")          Environment Variable      local
env.SESSION_SECRET ("(hidden)")           Environment Variable      local
env.ALLOWED_ORIGINS ("(hidden)")          Environment Variable      local

⎔ Starting local server...
Wrangler detected this dev session is running in an AI agent.
The Local Explorer API is available at http://localhost:4600/cdn-cgi/local/explorer/api
Useful routes:
  GET http://localhost:4600/cdn-cgi/local/explorer/api/local/workers - local Workers and bindings
  GET http://localhost:4600/cdn-cgi/local/explorer/api/storage/kv/namespaces - KV namespaces
  GET http://localhost:4600/cdn-cgi/local/explorer/api/d1/database - D1 databases
  GET http://localhost:4600/cdn-cgi/local/explorer/api/r2/buckets - R2 buckets
  GET http://localhost:4600/cdn-cgi/local/explorer/api/workers/durable_objects/namespaces - Durable Object namespaces
  GET http://localhost:4600/cdn-cgi/local/explorer/api/workflows - Workflows
  POST http://localhost:4600/cdn-cgi/local/explorer/api/local/observability/query - run a read-only SQL query (SELECT/WITH only) over captured request traces and console logs. Tables: spans, logs (read attributes via json(attributes)). Example:
    curl -X POST http://localhost:4600/cdn-cgi/local/explorer/api/local/observability/query -H 'Content-Type: application/json' -d '{"sql":"SELECT service, name, outcome, duration_ms FROM spans WHERE parent_id IS NULL LIMIT 20"}'
If the routes above don't cover what you need, fetch the full OpenAPI schema (large - use only as a last resort):
  GET http://localhost:4600/cdn-cgi/local/explorer/api - OpenAPI schema
[wrangler:info] Ready on http://localhost:4600
[wrangler:info] GET /overlay.js 200 OK (34ms)
[wrangler:info] OPTIONS /api/comments 204 No Content (7ms)
[wrangler:info] OPTIONS /api/comments 204 No Content (2ms)
[wrangler:info] POST /api/login 200 OK (7ms)
[wrangler:info] POST /api/login 200 OK (2ms)
[wrangler:info] POST /api/login 401 Unauthorized (803ms)
[wrangler:info] GET /api/comments 401 Unauthorized (3ms)
[wrangler:info] POST /api/comments 200 OK (8ms)
[wrangler:info] GET /api/comments 200 OK (2ms)
[wrangler:info] GET /api/comments 200 OK (3ms)
[wrangler:info] GET /api/comments 200 OK (3ms)
[wrangler:info] POST /api/comments 404 Not Found (2ms)
[wrangler:info] POST /api/comments 200 OK (2ms)
[wrangler:info] GET /api/comments 200 OK (4ms)
[wrangler:info] POST /api/comments 404 Not Found (2ms)
[wrangler:info] GET /api/comments 200 OK (4ms)
[wrangler:info] HEAD /overlay.js 200 OK (3ms)
[wrangler:info] GET /overlay.js 200 OK (80ms)
[wrangler:info] GET /overlay.css 200 OK (3ms)
[wrangler:info] HEAD /overlay.js 200 OK (5ms)
[wrangler:info] GET /api/comments 401 Unauthorized (2ms)
[wrangler:info] OPTIONS /api/login 204 No Content (14ms)
[wrangler:info] POST /api/login 200 OK (5ms)
[wrangler:info] OPTIONS /api/comments 204 No Content (2ms)
[wrangler:info] GET /api/comments 200 OK (16ms)
[wrangler:info] POST /api/comments 200 OK (6ms)
[wrangler:info] GET /api/comments 200 OK (3ms)
[wrangler:info] GET /overlay.js 200 OK (8ms)
[wrangler:info] GET /overlay.css 200 OK (4ms)
[wrangler:info] GET /api/comments 401 Unauthorized (6ms)
[wrangler:info] HEAD /overlay.js 200 OK (8ms)
[wrangler:info] OPTIONS /api/login 204 No Content (7ms)
[wrangler:info] POST /api/login 200 OK (5ms)
[wrangler:info] OPTIONS /api/comments 204 No Content (1ms)
[wrangler:info] GET /api/comments 200 OK (4ms)
